// Jest Snapshot v1, https://goo.gl/fbAQLP

exports[`Header should render correctly 1`] = `
<DocumentFragment>
  <div
    class="header"
  >
    <div
      class="header_name"
    >
      EVENTIFY
    </div>
  </div>
</DocumentFragment>
`;
