// Jest Snapshot v1, https://goo.gl/fbAQLP

exports[`Footer should render correctly 1`] = `
<DocumentFragment>
  <div
    class="footer"
  >
    <div
      class="footer_content"
    >
      THEMES
      <button
        class="theme1"
      >
        1
      </button>
      <button
        class="theme2"
      >
        2
      </button>
      <button
        class="theme3"
      >
        3
      </button>
    </div>
  </div>
</DocumentFragment>
`;
